// Jest Snapshot v1, https://goo.gl/fbAQLP

exports[`pruebas HookApp debecrear HookApp 1`] = `
<div>
  <h1>
    Hola mundo
  </h1>
</div>
`;
