// Jest Snapshot v1, https://goo.gl/fbAQLP

exports[`Pruebas en HomScreen debe crearse correctamente 1`] = `
<div>
  <h1>
    Home Screen
  </h1>
  <hr />
  <pre>
    {
    "name": "Jorge",
    "email": "jorge@gmail.com"
}
  </pre>
</div>
`;
